// Jest Snapshot v1, https://goo.gl/fbAQLP

exports[`SafeAreaHelper renders correctly 1`] = `
<RCTSafeAreaView
  pointerEvents="none"
  style={
    Object {
      "bottom": 0,
      "left": 0,
      "position": "absolute",
      "right": 0,
      "top": 0,
    }
  }
>
  <View
    onLayout={[Function]}
    style={
      Object {
        "flex": 1,
      }
    }
  />
</RCTSafeAreaView>
`;
